// Jest Snapshot v1, https://goo.gl/fbAQLP

exports[`ExampleComponent unit tests Should match snapshot 1`] = `
<DocumentFragment>
  <div
    data-testid="example-component"
  >
    Hello from React to displayName-0 and data is: [object Object]!
    <button
      type="button"
    >
      Click me!
    </button>
  </div>
</DocumentFragment>
`;
