// Jest Snapshot v1, https://goo.gl/fbAQLP

exports[`CardWrapper Should match snapshot 1`] = `
<DocumentFragment>
  <section
    class="container"
    data-testid="card-wrapper-container"
    style="width: 100%; height: 150px;"
  >
    <header
      class="header"
    >
      <div
        class="icon"
        data-testid="card-wrapper-icon"
      >
        <span>
          #
        </span>
      </div>
      <div>
        <div
          class="title"
          data-testid="card-wrapper-title"
        >
          FY21 Revenue
        </div>
        <div
          class="subTitle"
          data-testid="card-wrapper-subtitle"
        >
          As of today, in comparison with last month
        </div>
      </div>
    </header>
    <div
      class="content"
    >
      Child content
    </div>
  </section>
</DocumentFragment>
`;
